
running 20 tests
test m1_config::tests::missing_secret_and_unapproved_override_fail_without_disclosing_names ... ok
test m1_config::tests::redacted_output_and_debug_never_contain_secret_names_or_values ... ok
test m1_config::tests::rejects_unknown_deprecated_malformed_and_truncated_input ... ok
test m1_config::tests::numeric_overflow_and_budget_overcommit_fail_closed ... ok
test m1_config::tests::replication_options_are_an_exact_canonical_set ... ok
test m1_config::tests::secret_reference_names_and_values_do_not_affect_outputs ... ok
test m1_config::tests::equivalent_toml_and_table_order_have_stable_fingerprints ... ok
test m1_config::tests::operator_socket_must_be_nested_relative_and_sock_typed ... ok
test m1_config::tests::only_applicable_fingerprints_change ... ok
test m1_config::tests::archive_and_promotion_have_distinct_compatibility_fingerprints ... ok
test m1_config::tests::precedence_is_defaults_then_toml_then_approved_environment ... ok
test m1_config::tests::every_secret_reference_is_validated_even_when_not_loaded ... ok
test m1_config::tests::exposed_listener_and_insecure_connections_require_explicit_safety ... ok
test m1_config::tests::unicode_identifiers_are_canonical_but_parent_and_nul_paths_fail ... ok
test m1_config::tests::exhaustive_case_inventory_covers_every_configuration_group ... ok
test m1_config::tests::secret_references_cannot_alias_public_override_names ... ok
test m1_config::tests::command_shapes_share_parser_but_load_only_authorized_secrets ... ok
test m1_config::tests::secret_rotation_does_not_change_any_fingerprint ... ok
test m1_config::tests::every_pair_of_secret_roles_requires_a_distinct_reference ... ok
test m1_config::tests::semantic_validation_matrix_fails_closed_with_stable_codes ... ok

test result: ok. 20 passed; 0 failed; 0 ignored; 0 measured; 8 filtered out; finished in 0.03s


running 0 tests

test result: ok. 0 passed; 0 failed; 0 ignored; 0 measured; 0 filtered out; finished in 0.00s


running 0 tests

test result: ok. 0 passed; 0 failed; 0 ignored; 0 measured; 1 filtered out; finished in 0.00s

