{
  "blocking_edges": [
    "boring-cdc-m0-gate",
    "boring-cdc-m1-bootstrap-sm",
    "boring-cdc-m1-cli-contract",
    "boring-cdc-m1-config",
    "boring-cdc-m1-control-fixtures",
    "boring-cdc-m1-ddl-fixtures",
    "boring-cdc-m1-decoder",
    "boring-cdc-m1-ordering",
    "boring-cdc-m1-preflight",
    "boring-cdc-m1-source-identity",
    "boring-cdc-m1-workload",
    "boring-cdc-m1.1"
  ],
  "blocking_graph_acyclic": true,
  "closed_leaves": [
    "boring-cdc-m1-bootstrap-sm",
    "boring-cdc-m1-config",
    "boring-cdc-m1-control-fixtures",
    "boring-cdc-m1-ddl-fixtures",
    "boring-cdc-m1-decoder",
    "boring-cdc-m1-ordering",
    "boring-cdc-m1-preflight",
    "boring-cdc-m1-source-identity",
    "boring-cdc-m1-workload",
    "boring-cdc-m1-cli-contract",
    "boring-cdc-m1.1"
  ],
  "correlation_fields": [
    "bead_id",
    "capture_epoch",
    "component",
    "config_fingerprint",
    "correlation_id",
    "evidence_digest",
    "outcome",
    "phase",
    "run_id",
    "scenario_id"
  ],
  "feature_owner_count": 12,
  "findings": [],
  "m0_gate": {
    "bead": "boring-cdc-m0-gate",
    "state": "owner-waived-open",
    "waiver": "owner instruction in boring-cdc-m1-complete dispatch"
  },
  "manifest_count": 12,
  "owner_cards": [
    "5a994cfd-e4e2-46a7-b512-5dae280acae0",
    "765bd3b2-4b68-4102-a9ec-43ca93357390"
  ],
  "raw_demo_downstream": true,
  "required_leaves": [
    "boring-cdc-m1-bootstrap-sm",
    "boring-cdc-m1-config",
    "boring-cdc-m1-control-fixtures",
    "boring-cdc-m1-ddl-fixtures",
    "boring-cdc-m1-decoder",
    "boring-cdc-m1-ordering",
    "boring-cdc-m1-preflight",
    "boring-cdc-m1-source-identity",
    "boring-cdc-m1-workload",
    "boring-cdc-m1-cli-contract",
    "boring-cdc-m1.1"
  ],
  "schema_version": "m1-completion-summary/v1",
  "status": "pass"
}
