   Compiling libc v0.2.189
   Compiling serde_core v1.0.229
   Compiling proc-macro2 v1.0.107
   Compiling unicode-ident v1.0.24
   Compiling find-msvc-tools v0.1.12
   Compiling shlex v2.0.1
   Compiling quote v1.0.47
   Compiling pkg-config v0.3.34
   Compiling typenum v1.20.1
   Compiling serde v1.0.229
   Compiling fs_extra v1.3.0
   Compiling dunce v1.0.5
   Compiling cfg-if v1.0.4
   Compiling version_check v0.9.5
   Compiling aws-lc-rs v1.18.1
   Compiling zeroize v1.9.0
   Compiling cmov v0.5.4
   Compiling const-oid v0.10.2
   Compiling pin-project-lite v0.2.17
   Compiling cpufeatures v0.3.1
   Compiling rustls-pki-types v1.15.1
   Compiling rand_core v0.10.1
   Compiling untrusted v0.7.1
   Compiling getrandom v0.4.3
   Compiling generic-array v0.14.7
   Compiling once_cell v1.21.4
   Compiling autocfg v1.5.1
   Compiling ctutils v0.4.2
   Compiling rustls v0.23.45
   Compiling winnow v1.0.4
   Compiling zmij v1.0.23
   Compiling untrusted v0.9.0
   Compiling tinyvec v1.13.3
   Compiling memchr v2.8.3
   Compiling vcpkg v0.2.15
   Compiling chacha20 v0.10.2
   Compiling toml_writer v1.1.2+spec-1.1.0
   Compiling subtle v2.6.1
   Compiling foldhash v0.1.5
   Compiling log v0.4.34
   Compiling unicode-bidi v0.3.18
   Compiling unicode-properties v0.1.4
   Compiling num-traits v0.2.19
   Compiling serde_json v1.0.151
   Compiling unicode-normalization v0.1.25
   Compiling hashbrown v0.15.5
   Compiling toml_parser v1.1.3+spec-1.1.0
   Compiling tracing-core v0.1.36
   Compiling iana-time-zone v0.1.65
   Compiling itoa v1.0.18
   Compiling futures-core v0.3.34
   Compiling hybrid-array v0.4.15
   Compiling base64 v0.22.1
   Compiling zerocopy v0.8.57
   Compiling fallible-iterator v0.2.0
   Compiling syn v3.0.5
   Compiling stringprep v0.1.5
   Compiling byteorder v1.5.0
   Compiling futures-sink v0.3.34
   Compiling hashlink v0.10.0
   Compiling tracing v0.1.44
   Compiling webpki-roots v1.0.9
   Compiling fallible-iterator v0.3.0
   Compiling target-tuple v1.0.2
   Compiling cpufeatures v0.2.17
   Compiling fallible-streaming-iterator v0.1.9
   Compiling bitflags v2.13.2
   Compiling winnow v0.7.15
   Compiling rand_core v0.9.5
   Compiling glob v0.3.4
   Compiling jobserver v0.1.35
   Compiling crypto-common v0.2.2
   Compiling block-buffer v0.12.1
   Compiling socket2 v0.6.5
   Compiling mio v1.2.3
   Compiling termcolor v1.4.1
   Compiling block-buffer v0.10.4
   Compiling crypto-common v0.1.7
   Compiling cc v1.4.6
   Compiling rand v0.10.2
   Compiling digest v0.10.7
   Compiling sha2 v0.10.9
   Compiling serde_spanned v1.1.1
   Compiling toml_datetime v0.7.5+spec-1.1.0
   Compiling toml_datetime v1.1.1+spec-1.1.0
   Compiling digest v0.11.3
   Compiling sha2 v0.11.0
   Compiling hmac v0.13.0
   Compiling md-5 v0.11.0
   Compiling cmake v0.1.58
   Compiling toml v1.1.5+spec-1.1.0
   Compiling libsqlite3-sys v0.35.0
   Compiling toml v0.9.12+spec-1.1.0
   Compiling aws-lc-sys v0.45.0
   Compiling serde_derive v1.0.229
   Compiling tokio-macros v2.7.2
   Compiling ppv-lite86 v0.2.21
   Compiling rand_chacha v0.9.0
   Compiling bytes v1.12.1
   Compiling smallvec v1.16.1
   Compiling chrono v0.4.45
   Compiling trybuild v1.0.121
   Compiling tokio v1.53.1
   Compiling postgres-protocol v0.6.12
   Compiling rusqlite v0.37.0
   Compiling tokio-util v0.7.19
   Compiling rustls-webpki v0.103.15
   Compiling tokio-rustls v0.26.5
   Compiling pg_walstream v0.8.1
   Compiling boring-cdc v0.1.0 (/home/ubuntu/projects/boring-cdc)
    Finished `test` profile [unoptimized + debuginfo] target(s) in 1m 21s
     Running unittests src/lib.rs (target/debug/deps/boring_cdc-215a04c5a0e6b11d)
     Running unittests src/main.rs (target/debug/deps/boring_cdc-175d1f19bac9dae3)
     Running tests/compile_fail.rs (target/debug/deps/compile_fail-8b561352160a8d94)
   Compiling libc v0.2.189
   Compiling shlex v2.0.1
   Compiling serde_core v1.0.229
   Compiling proc-macro2 v1.0.107
   Compiling find-msvc-tools v0.1.12
   Compiling unicode-ident v1.0.24
   Compiling quote v1.0.47
    Checking typenum v1.20.1
   Compiling pkg-config v0.3.34
   Compiling serde v1.0.229
   Compiling fs_extra v1.3.0
   Compiling dunce v1.0.5
    Checking cfg-if v1.0.4
    Checking zeroize v1.9.0
   Compiling aws-lc-rs v1.18.1
   Compiling version_check v0.9.5
    Checking cmov v0.5.4
    Checking const-oid v0.10.2
   Compiling autocfg v1.5.1
    Checking rustls-pki-types v1.15.1
    Checking untrusted v0.7.1
   Compiling getrandom v0.4.3
    Checking ctutils v0.4.2
    Checking pin-project-lite v0.2.17
    Checking cpufeatures v0.3.1
    Checking rand_core v0.10.1
    Checking once_cell v1.21.4
    Checking untrusted v0.9.0
   Compiling vcpkg v0.2.15
   Compiling rustls v0.23.45
    Checking tinyvec v1.13.3
    Checking log v0.4.34
    Checking chacha20 v0.10.2
    Checking memchr v2.8.3
    Checking unicode-bidi v0.3.18
    Checking subtle v2.6.1
    Checking unicode-properties v0.1.4
   Compiling generic-array v0.14.7
   Compiling zerocopy v0.8.57
   Compiling zmij v1.0.23
   Compiling num-traits v0.2.19
    Checking foldhash v0.1.5
    Checking hashbrown v0.15.5
    Checking tracing-core v0.1.36
   Compiling serde_json v1.0.151
    Checking base64 v0.22.1
    Checking unicode-normalization v0.1.25
    Checking byteorder v1.5.0
    Checking iana-time-zone v0.1.65
    Checking futures-sink v0.3.34
    Checking fallible-iterator v0.2.0
    Checking winnow v1.0.4
    Checking futures-core v0.3.34
    Checking hybrid-array v0.4.15
    Checking tracing v0.1.44
   Compiling syn v3.0.5
    Checking webpki-roots v1.0.9
    Checking cpufeatures v0.2.17
    Checking itoa v1.0.18
    Checking hashlink v0.10.0
    Checking bitflags v2.13.2
    Checking fallible-iterator v0.3.0
    Checking toml_parser v1.1.3+spec-1.1.0
    Checking stringprep v0.1.5
    Checking winnow v0.7.15
    Checking fallible-streaming-iterator v0.1.9
    Checking toml_writer v1.1.2+spec-1.1.0
    Checking rand_core v0.9.5
    Checking crypto-common v0.2.2
    Checking block-buffer v0.12.1
    Checking crypto-common v0.1.7
    Checking block-buffer v0.10.4
    Checking socket2 v0.6.5
    Checking mio v1.2.3
    Checking digest v0.10.7
   Compiling jobserver v0.1.35
    Checking rand v0.10.2
    Checking sha2 v0.10.9
   Compiling cc v1.4.6
    Checking toml_datetime v0.7.5+spec-1.1.0
    Checking serde_spanned v1.1.1
    Checking digest v0.11.3
    Checking md-5 v0.11.0
    Checking hmac v0.13.0
    Checking sha2 v0.11.0
    Checking toml v0.9.12+spec-1.1.0
   Compiling cmake v0.1.58
   Compiling aws-lc-sys v0.45.0
   Compiling libsqlite3-sys v0.35.0
   Compiling serde_derive v1.0.229
   Compiling tokio-macros v2.7.2
    Checking ppv-lite86 v0.2.21
    Checking rand_chacha v0.9.0
    Checking bytes v1.12.1
    Checking smallvec v1.16.1
    Checking chrono v0.4.45
    Checking tokio v1.53.1
    Checking postgres-protocol v0.6.12
    Checking rusqlite v0.37.0
    Checking tokio-util v0.7.19
    Checking rustls-webpki v0.103.15
    Checking tokio-rustls v0.26.5
    Checking pg_walstream v0.8.1
    Checking boring-cdc v0.1.0 (/home/ubuntu/projects/boring-cdc)
    Checking boring-cdc-tests v0.0.0 (/home/ubuntu/projects/boring-cdc/target/tests/trybuild/boring-cdc)
    Finished `dev` profile [unoptimized + debuginfo] target(s) in 46.70s


test tests/ui/creation_floor_is_not_received.rs ... ok
test tests/ui/cursor_is_not_lsn.rs ... ok
test tests/ui/durable_boundary_is_not_deserializable.rs ... ok
test tests/ui/received_is_not_durable.rs ... ok
test tests/ui/synthetic_is_not_production.rs ... ok


     Running unittests examples/m1_cli_contract.rs (target/debug/examples/m1_cli_contract-e4cef303ac00c797)
     Running unittests examples/m1_control_probe.rs (target/debug/examples/m1_control_probe-dfcb03dff7a2a74d)
     Running unittests examples/m2_capture_runtime_component.rs (target/debug/examples/m2_capture_runtime_component-8b099eef38f5185e)
     Running unittests examples/m2_fault_hook_probe.rs (target/debug/examples/m2_fault_hook_probe-c44f2c5c4657ee15)
     Running unittests examples/m2_fault_status_fixture.rs (target/debug/examples/m2_fault_status_fixture-cc1b843660bd02bd)
     Running unittests examples/m2_heartbeat_component.rs (target/debug/examples/m2_heartbeat_component-5d98d5aa9b74b520)
     Running unittests examples/m2_journal_component.rs (target/debug/examples/m2_journal_component-fca7c4eb654ac8c3)
     Running unittests examples/m2_ownership_component.rs (target/debug/examples/m2_ownership_component-09abcac61d70dc80)
     Running unittests examples/m2_spool_component.rs (target/debug/examples/m2_spool_component-892a5fce9a74076e)
     Running unittests examples/m4_clickhouse_schema_probe.rs (target/debug/examples/m4_clickhouse_schema_probe-e921fcedea2fb694)
    Finished `test` profile [unoptimized + debuginfo] target(s) in 0.16s
     Running unittests src/lib.rs (target/debug/deps/boring_cdc-215a04c5a0e6b11d)
     Running unittests src/main.rs (target/debug/deps/boring_cdc-175d1f19bac9dae3)
     Running tests/compile_fail.rs (target/debug/deps/compile_fail-8b561352160a8d94)
 Network m2-capture-4166-567666_default  Creating
 Network m2-capture-4166-567666_default  Created
 Volume "m2-capture-4166-567666_pgdata"  Creating
 Volume "m2-capture-4166-567666_pgdata"  Created
 Container m2-capture-4166-567666-postgres-1  Creating
 Container m2-capture-4166-567666-postgres-1  Created
 Container m2-capture-4166-567666-postgres-1  Starting
 Container m2-capture-4166-567666-postgres-1  Started
 Container m2-capture-4166-567666-postgres-1  Waiting
 Container m2-capture-4166-567666-postgres-1  Healthy
scripts/e2e/m2_capture_runtime.sh: line 138: 586088 Aborted                 (core dumped) ( cd "$work/run"; exec env -u BORING_CDC_POSTGRES_PASSWORD_FILE "$OLDPWD/target/debug/boring-cdc" run > "$work/runtime.out" 2> "$work/runtime.err" )
Aborted runtime before feedback
