{"postgres":"17.6","database_oid_observed":true,"live_publication_fingerprint":true,"fresh_slot_ambiguous":true,"migration_receipt_retry":true,"slot_reasons":["SLOT_MISSING","RESUME_WAL_STATUS_UNAVAILABLE","SLOT_INVALID_WAL_REMOVED"],"abrupt_process_restart":true,"cli_json_text_matrix":true}

running 1 test
test m2_reconcile::tests::creation_floor_compound_safety_precedes_floor_resume ... ok

test result: ok. 1 passed; 0 failed; 0 ignored; 0 measured; 323 filtered out; finished in 0.27s


running 0 tests

test result: ok. 0 passed; 0 failed; 0 ignored; 0 measured; 3 filtered out; finished in 0.00s


running 0 tests

test result: ok. 0 passed; 0 failed; 0 ignored; 0 measured; 1 filtered out; finished in 0.00s


running 1 test
test m2_reconcile::tests::fresh_journal_with_preexisting_slot_is_ambiguous_without_provenance ... ok

test result: ok. 1 passed; 0 failed; 0 ignored; 0 measured; 323 filtered out; finished in 0.11s


running 0 tests

test result: ok. 0 passed; 0 failed; 0 ignored; 0 measured; 3 filtered out; finished in 0.00s


running 0 tests

test result: ok. 0 passed; 0 failed; 0 ignored; 0 measured; 1 filtered out; finished in 0.00s


running 1 test
test m2_reconcile::tests::invalid_slot_and_missing_wal_require_reseed ... ok

test result: ok. 1 passed; 0 failed; 0 ignored; 0 measured; 323 filtered out; finished in 0.24s


running 0 tests

test result: ok. 0 passed; 0 failed; 0 ignored; 0 measured; 3 filtered out; finished in 0.00s


running 0 tests

test result: ok. 0 passed; 0 failed; 0 ignored; 0 measured; 1 filtered out; finished in 0.00s

{"findings":[],"schema_version":"validation-result/v1","valid":true,"validator":"m2-reconcile/v1"}
