warning: this boolean expression can be simplified
   --> src/m1_config.rs:613:12
    |
613 |           if name.starts_with("BORING_CDC_")
    |  ____________^
614 | |             && !APPROVED_OVERRIDES.contains(&name.as_str())
615 | |             && !(cfg!(debug_assertions) && name == "BORING_CDC_M2_FAULT_HOOK")
616 | |             && !secret_names.iter().any(|secret| secret.as_str() == name)
    | |_________________________________________________________________________^ help: try: `!(!name.starts_with("BORING_CDC_") || APPROVED_OVERRIDES.contains(&name.as_str()) || secret_names.iter().any(|secret| secret.as_str() == name) || cfg!(debug_assertions) && name == "BORING_CDC_M2_FAULT_HOOK")`
    |
    = help: for further information visit https://rust-lang.github.io/rust-clippy/master/index.html#nonminimal_bool
    = note: `#[warn(clippy::nonminimal_bool)]` on by default

warning: file opened with `create`, but `truncate` behavior not defined
  --> src/m2_init_recovery.rs:70:10
   |
70 |         .create(true)
   |          ^^^^^^^^^^^^- help: add: `.truncate(true)`
   |
   = help: if you intend to overwrite an existing file entirely, call `.truncate(true)`
   = help: if you instead know that you may want to keep some parts of the old file, call `.truncate(false)`
   = help: alternatively, use `.append(true)` to append to the file instead of overwriting it
   = help: for further information visit https://rust-lang.github.io/rust-clippy/master/index.html#suspicious_open_options
   = note: `#[warn(clippy::suspicious_open_options)]` on by default

warning: very complex type used. Consider factoring parts into `type` definitions
   --> src/m2_journal.rs:292:20
    |
292 |         let state: Option<(String,String,String,String,String,String,String,Option<String>)> = transaction.query_row(
    |                    ^^^^^^^^^^^^^^^^^^^^^^^^^^^^^^^^^^^^^^^^^^^^^^^^^^^^^^^^^^^^^^^^^^^^^^^^^
    |
    = help: for further information visit https://rust-lang.github.io/rust-clippy/master/index.html#type_complexity
    = note: `#[warn(clippy::type_complexity)]` on by default

warning: this function has too many arguments (8/7)
   --> src/m2_journal.rs:429:1
    |
429 | / fn verify_duplicate(
430 | |     tx: &rusqlite::Transaction<'_>,
431 | |     commit: &SourceCommit,
432 | |     txid: &str,
...   |
437 | |     checksum: &str,
438 | | ) -> Result<(), JournalError> {
    | |_____________________________^
    |
    = help: for further information visit https://rust-lang.github.io/rust-clippy/master/index.html#too_many_arguments
    = note: `#[warn(clippy::too_many_arguments)]` on by default

warning: this `if` statement can be collapsed
   --> src/m2_journal.rs:763:17
    |
763 | / ...   if let Some((_,old_first,old_last,old_count,old_checksum,hasher))=active.take() {
764 | | ...       if old_last-old_first+1!=old_count || format!("{:x}",hasher.finalize())!=old_checksum { return Err(rusqlite::Error::InvalidQuer...
765 | | ...   }
    | |_______^
    |
    = help: for further information visit https://rust-lang.github.io/rust-clippy/master/index.html#collapsible_if
    = note: `#[warn(clippy::collapsible_if)]` on by default
help: collapse nested if block
    |
763 ~                 if let Some((_,old_first,old_last,old_count,old_checksum,hasher))=active.take()
764 ~                     && (old_last-old_first+1!=old_count || format!("{:x}",hasher.finalize())!=old_checksum) { return Err(rusqlite::Error::InvalidQuery); }
    |

warning: this `if` statement can be collapsed
   --> src/m2_journal.rs:774:5
    |
774 | /     if let Some((_, first, last, count, checksum, hasher)) = active.take() {
775 | |         if last - first + 1 != count || format!("{:x}", hasher.finalize()) != checksum {
776 | |             return Err(JournalError::Conflict("transaction checksum mismatch"));
777 | |         }
778 | |     }
    | |_____^
    |
    = help: for further information visit https://rust-lang.github.io/rust-clippy/master/index.html#collapsible_if
help: collapse nested if block
    |
774 ~     if let Some((_, first, last, count, checksum, hasher)) = active.take()
775 ~         && (last - first + 1 != count || format!("{:x}", hasher.finalize()) != checksum) {
776 |             return Err(JournalError::Conflict("transaction checksum mismatch"));
777 ~         }
    |

warning: method `next` can be confused for the standard trait method `std::iter::Iterator::next`
   --> src/m2_journal.rs:879:5
    |
879 | /     pub fn next(&mut self) -> Option<(WorkClass, T, u64)> {
880 | |         self.tick += 1;
881 | |         let service_pending = self.service.iter().any(|q| !q.is_empty());
882 | |         if !self.capture.is_empty()
...   |
910 | |             .map(|x| (WorkClass::Capture, x, self.tick))
911 | |     }
    | |_____^
    |
    = help: consider implementing the trait `std::iter::Iterator` or choosing a less ambiguous method name
    = help: for further information visit https://rust-lang.github.io/rust-clippy/master/index.html#should_implement_trait
    = note: `#[warn(clippy::should_implement_trait)]` on by default

warning: this function has too many arguments (9/7)
   --> src/m2_jsonl.rs:744:5
    |
744 | /     pub fn prepare_failure(
745 | |         current: Option<&crate::failure_policy::FailureRecord>,
746 | |         outcome: DestinationOutcome,
747 | |         destination_id: &str,
...   |
753 | |         context: &mut crate::m1_transition_kernel::TransitionContext<'_>,
754 | |     ) -> crate::failure_policy::PolicyAction {
    | |____________________________________________^
    |
    = help: for further information visit https://rust-lang.github.io/rust-clippy/master/index.html#too_many_arguments

warning: casting to the same type is unnecessary (`u64` -> `u64`)
   --> src/m2_spool.rs:288:12
    |
288 |         Ok((stat.f_bavail as u64).saturating_mul(stat.f_frsize as u64))
    |            ^^^^^^^^^^^^^^^^^^^^^^ help: try: `stat.f_bavail`
    |
    = help: for further information visit https://rust-lang.github.io/rust-clippy/master/index.html#unnecessary_cast
    = note: `#[warn(clippy::unnecessary_cast)]` on by default

warning: casting to the same type is unnecessary (`u64` -> `u64`)
   --> src/m2_spool.rs:288:50
    |
288 |         Ok((stat.f_bavail as u64).saturating_mul(stat.f_frsize as u64))
    |                                                  ^^^^^^^^^^^^^^^^^^^^ help: try: `stat.f_frsize`
    |
    = help: for further information visit https://rust-lang.github.io/rust-clippy/master/index.html#unnecessary_cast

warning: this function has too many arguments (9/7)
   --> src/m2_spool.rs:367:5
    |
367 | /     pub fn new(
368 | |         directory: PathBuf,
369 | |         capture_epoch: String,
370 | |         xid: String,
...   |
376 | |         allocator: Box<dyn PhysicalAllocation>,
377 | |     ) -> Result<Self, SpoolError> {
    | |_________________________________^
    |
    = help: for further information visit https://rust-lang.github.io/rust-clippy/master/index.html#too_many_arguments

warning: this function has too many arguments (9/7)
   --> src/m2_spool.rs:773:5
    |
773 | /     pub fn rearm_failure_policy(
774 | |         &self,
775 | |         error: &SpoolError,
776 | |         end_lsn: Option<&str>,
...   |
786 | |         Option<PreparedFailureOperation>,
787 | |     ) {
    | |_____^
    |
    = help: for further information visit https://rust-lang.github.io/rust-clippy/master/index.html#too_many_arguments

warning: this function has too many arguments (11/7)
    --> src/m2_spool.rs:1083:1
     |
1083 | / pub fn classify_startup_spools(
1084 | |     lock: &crate::m2_ownership::StateLock,
1085 | |     store: &Path,
1086 | |     directory: &Path,
...    |
1094 | |     existing: impl FnMut(&str, &str) -> ExistingTransaction,
1095 | | ) -> Result<Vec<StartupAction>, SpoolError> {
     | |___________________________________________^
     |
     = help: for further information visit https://rust-lang.github.io/rust-clippy/master/index.html#too_many_arguments

warning: this function has too many arguments (12/7)
    --> src/m2_spool.rs:1112:1
     |
1112 | / fn classify_startup_spools_with(
1113 | |     filesystem: &impl StartupFilesystem,
1114 | |     lock: &crate::m2_ownership::StateLock,
1115 | |     store: &Path,
...    |
1124 | |     mut existing: impl FnMut(&str, &str) -> ExistingTransaction,
1125 | | ) -> Result<Vec<StartupAction>, SpoolError> {
     | |___________________________________________^
     |
     = help: for further information visit https://rust-lang.github.io/rust-clippy/master/index.html#too_many_arguments

warning: useless use of `vec!`
    --> src/m2_spool.rs:1409:22
     |
1409 |         push(&mut b, &vec![1; 100]).unwrap();
     |                      ^^^^^^^^^^^^^ help: you can use a slice directly: `&[1; 100]`
     |
     = help: for further information visit https://rust-lang.github.io/rust-clippy/master/index.html#useless_vec
     = note: `#[warn(clippy::useless_vec)]` on by default

warning: useless use of `vec!`
    --> src/m2_spool.rs:1513:30
     |
1513 |         let e = push(&mut b, &vec![1; 32]).unwrap_err();
     |                              ^^^^^^^^^^^^ help: you can use a slice directly: `&[1; 32]`
     |
     = help: for further information visit https://rust-lang.github.io/rust-clippy/master/index.html#useless_vec

warning: `boring-cdc` (lib) generated 14 warnings (run `cargo clippy --fix --lib -p boring-cdc` to apply 4 suggestions)
warning: `boring-cdc` (lib test) generated 16 warnings (14 duplicates) (run `cargo clippy --fix --lib -p boring-cdc --tests` to apply 2 suggestions)
    Finished `dev` profile [unoptimized + debuginfo] target(s) in 0.26s
