PASS cargo test --locked --workspace --all-targets
PASS cargo test --locked m1_raw_demo::tests cases=5
scenario=SCN-M1-RAW-EVENTS seed=raw-demo-v1 pg=17 slot=pgoutput
raw_pgoutput tags=B,R,U,C lengths=21,84,55,26 payload_values=redacted
PASS pgoutput_update=decoded_typed_noop feedback=awaits_durable_commit
CASE SCN-M1-RAW-FIXED-SEED state=decoded checkpoint=unchanged_until_durable log=raw_event_normalized
CASE SCN-M1-RAW-HEARTBEAT state=durable_noop checkpoint=durable_only log=heartbeat_control_noop
raw_pgoutput tags=B,R,T,C lengths=21,51,10,26 payload_values=redacted
PASS pgoutput_truncate=decoded_block_before_feedback
CASE SCN-M1-RAW-TRUNCATE state=requires_reseed checkpoint=unchanged log=truncate_requires_reseed
PASS live_catalog=exact fingerprint=2ac597b232224b4d2cffcf4a815ad917a95e5afc1620b4eefc66a7d92441dd52
PASS live_catalog_drift=publication_drift_requires_reseed
CASE SCN-M1-RAW-PUBLICATION-DRIFT state=requires_reseed checkpoint=unchanged log=publication_drift
CASE SCN-M1-RAW-IDLE-DDL state=blocked checkpoint=unchanged log=idle_ddl_blocked
raw_pgoutput tags=B,R,I,C lengths=21,69,34,26 payload_values=redacted
CASE SCN-M1-RAW-IMMEDIATE-DDL state=blocked checkpoint=unchanged log=immediate_ddl_blocked
CASE SCN-M1-RAW-UNSUPPORTED-PROTOCOL state=blocked checkpoint=unchanged log=unsupported_protocol
CASE SCN-M1-RAW-UNSUPPORTED-TABLE state=blocked checkpoint=unchanged log=unsupported_table
CASE SCN-M1-RAW-UNSUPPORTED-TYPE state=blocked checkpoint=unchanged log=unsupported_type
PASS actual_sql=heartbeat,truncate,publication_drift checkpoint=unchanged cleanup=trap
PASS m1 raw e2e evidence sealed
scenario=SCN-M1-FAULT-MATRIX seed=raw-demo-v1
CASE SCN-M1-RAW-FIXED-SEED state=decoded checkpoint=unchanged_until_durable log=raw_event_normalized
CASE SCN-M1-RAW-COPYBOTH-RESTART state=resume_safe checkpoint=durable_only log=copyboth_restart_safe
CASE SCN-M1-RAW-HEARTBEAT state=durable_noop checkpoint=durable_only log=heartbeat_control_noop
CASE SCN-M1-RAW-BOOTSTRAP state=feedback_gated checkpoint=creation_floor_not_progress log=bootstrap_gate
CASE SCN-M1-RAW-EXACT-SET state=oracle_pass checkpoint=fence_observed log=exact_set_pass
CASE SCN-M1-RAW-FULL-RESEED state=requires_reseed checkpoint=unchanged log=full_reseed_required
CASE SCN-M1-RAW-TRUNCATE state=requires_reseed checkpoint=unchanged log=truncate_requires_reseed
CASE SCN-M1-RAW-PUBLICATION-DRIFT state=requires_reseed checkpoint=unchanged log=publication_drift
CASE SCN-M1-RAW-IDLE-DDL state=blocked checkpoint=unchanged log=idle_ddl_blocked
CASE SCN-M1-RAW-IMMEDIATE-DDL state=blocked checkpoint=unchanged log=immediate_ddl_blocked
CASE SCN-M1-RAW-UNSUPPORTED-PROTOCOL state=blocked checkpoint=unchanged log=unsupported_protocol
CASE SCN-M1-RAW-UNSUPPORTED-TABLE state=blocked checkpoint=unchanged log=unsupported_table
CASE SCN-M1-RAW-UNSUPPORTED-TYPE state=blocked checkpoint=unchanged log=unsupported_type
CASE SCN-M1-RAW-IDENTITY-CONFLICT state=blocked checkpoint=unchanged log=identity_payload_conflict
CASE SCN-M1-RAW-NO-ONLINE-TABLE-ADD state=requires_reseed checkpoint=unchanged log=no_online_table_add
PASS m1_fault_matrix cases=15 blocked_actions=status,recover_reseed cleanup=trap
PASS m1 raw fault evidence sealed
PASS m1 raw contract cases=15 unresolved=0
PASS M1 raw inspection and fault suite
