   Compiling serde_core v1.0.229
   Compiling version_check v0.9.5
    Checking typenum v1.20.1
    Checking winnow v1.0.4
    Checking winnow v0.7.15
    Checking cfg-if v1.0.4
    Checking toml_writer v1.1.2+spec-1.1.0
    Checking cpufeatures v0.2.17
   Compiling generic-array v0.14.7
    Checking toml_parser v1.1.3+spec-1.1.0
    Checking block-buffer v0.10.4
    Checking crypto-common v0.1.7
    Checking digest v0.10.7
    Checking sha2 v0.10.9
    Checking serde_spanned v1.1.1
    Checking toml_datetime v0.7.5+spec-1.1.0
    Checking serde_json v1.0.151
    Checking serde v1.0.229
    Checking toml v0.9.12+spec-1.1.0
    Checking boring-cdc v0.1.0 (/home/ubuntu/projects/boring-cdc/.worktrees/epic-boring-cdc-m1)
    Checking boring-cdc-tests v0.0.0 (/home/ubuntu/projects/boring-cdc/.worktrees/epic-boring-cdc-m1/target/tests/trybuild/boring-cdc)
    Finished `dev` profile [unoptimized + debuginfo] target(s) in 8.21s


test [0m[1mtests/ui/creation_floor_is_not_received.rs[0m ... [0m[32mok
[0mtest [0m[1mtests/ui/cursor_is_not_lsn.rs[0m ... [0m[32mok
[0mtest [0m[1mtests/ui/durable_boundary_is_not_deserializable.rs[0m ... [0m[32mok
[0mtest [0m[1mtests/ui/received_is_not_durable.rs[0m ... [0m[32mok
[0mtest [0m[1mtests/ui/synthetic_is_not_production.rs[0m ... [0m[32mok
[0m

